192.168.8.2 - - [29/Sep/2005:11:21:51 +0200] "GET / HTTP/1.1" 302 324 "-" "Mozilla/5.0 (X11; U; Linux i686; en-US; rv:1.7.8) Gecko/20050513 Debian/1.7.8-1"
192.168.8.2 - - [29/Sep/2005:11:21:51 +0200] "GET /apache2-default/ HTTP/1.1" 200 1457 "-" "Mozilla/5.0 (X11; U; Linux i686; en-US; rv:1.7.8) Gecko/20050513 Debian/1.7.8-1"
192.168.8.2 - - [29/Sep/2005:11:21:51 +0200] "GET /apache2-default/apache_pb.gif HTTP/1.1" 200 2326 "http://192.168.8.249/apache2-default/" "Mozilla/5.0 (X11; U; Linux i686; en-US; rv:1.7.8) Gecko/20050513 Debian/1.7.8-1"
192.168.8.2 - - [29/Sep/2005:11:22:00 +0200] "GET /hello.php HTTP/1.1" 200 93 "-" "Mozilla/5.0 (X11; U; Linux i686; en-US; rv:1.7.8) Gecko/20050513 Debian/1.7.8-1"
192.168.8.1 - - [29/Sep/2005:11:22:07 +0200] "GET / HTTP/1.1" 302 324 "-" "Mozilla/5.0 (X11; U; Linux i686; rv:1.7.8) Gecko/20050513 Debian/1.7.8-1"
192.168.8.1 - - [29/Sep/2005:11:22:07 +0200] "GET /apache2-default/ HTTP/1.1" 200 1789 "-" "Mozilla/5.0 (X11; U; Linux i686; rv:1.7.8) Gecko/20050513 Debian/1.7.8-1"
192.168.8.1 - - [29/Sep/2005:11:22:07 +0200] "GET /apache2-default/apache_pb.gif HTTP/1.1" 200 2326 "http://192.168.8.249/apache2-default/" "Mozilla/5.0 (X11; U; Linux i686; rv:1.7.8) Gecko/20050513 Debian/1.7.8-1"
192.168.8.2 - - [29/Sep/2005:11:22:11 +0200] "GET /info.php HTTP/1.1" 404 309 "-" "Mozilla/5.0 (X11; U; Linux i686; en-US; rv:1.7.8) Gecko/20050513 Debian/1.7.8-1"
192.168.8.1 - - [29/Sep/2005:11:22:23 +0200] "GET /php/info.php HTTP/1.1" 200 37432 "-" "Mozilla/5.0 (X11; U; Linux i686; rv:1.7.8) Gecko/20050513 Debian/1.7.8-1"
192.168.8.1 - - [29/Sep/2005:11:22:23 +0200] "GET /php/info.php?=PHPE9568F34-D428-11d2-A769-00AA001ACF42 HTTP/1.1" 200 2962 "http://192.168.8.249/php/info.php" "Mozilla/5.0 (X11; U; Linux i686; rv:1.7.8) Gecko/20050513 Debian/1.7.8-1"
192.168.8.1 - - [29/Sep/2005:11:22:23 +0200] "GET /php/info.php?=PHPE9568F35-D428-11d2-A769-00AA001ACF42 HTTP/1.1" 200 4440 "http://192.168.8.249/php/info.php" "Mozilla/5.0 (X11; U; Linux i686; rv:1.7.8) Gecko/20050513 Debian/1.7.8-1"
192.168.8.2 - - [29/Sep/2005:11:22:23 +0200] "GET /php/info.php HTTP/1.1" 200 37174 "-" "Mozilla/5.0 (X11; U; Linux i686; en-US; rv:1.7.8) Gecko/20050513 Debian/1.7.8-1"
192.168.8.2 - - [29/Sep/2005:11:22:23 +0200] "GET /php/info.php?=PHPE9568F34-D428-11d2-A769-00AA001ACF42 HTTP/1.1" 200 2962 "http://192.168.8.249/php/info.php" "Mozilla/5.0 (X11; U; Linux i686; en-US; rv:1.7.8) Gecko/20050513 Debian/1.7.8-1"
192.168.8.2 - - [29/Sep/2005:11:22:23 +0200] "GET /php/info.php?=PHPE9568F35-D428-11d2-A769-00AA001ACF42 HTTP/1.1" 200 4440 "http://192.168.8.249/php/info.php" "Mozilla/5.0 (X11; U; Linux i686; en-US; rv:1.7.8) Gecko/20050513 Debian/1.7.8-1"
192.168.8.40 - - [29/Sep/2005:11:22:48 +0200] "GET /php/info.php HTTP/1.1" 200 37186 "-" "Mozilla/5.0 (X11; U; Linux i686; rv:1.7.8) Gecko/20050513 Epiphany/1.4.8 (Debian)"
192.168.8.40 - - [29/Sep/2005:11:22:48 +0200] "GET /php/info.php?=PHPE9568F34-D428-11d2-A769-00AA001ACF42 HTTP/1.1" 200 2962 "http://192.168.8.249/php/info.php" "Mozilla/5.0 (X11; U; Linux i686; rv:1.7.8) Gecko/20050513 Epiphany/1.4.8 (Debian)"
192.168.8.40 - - [29/Sep/2005:11:22:49 +0200] "GET /php/info.php?=PHPE9568F35-D428-11d2-A769-00AA001ACF42 HTTP/1.1" 200 4440 "http://192.168.8.249/php/info.php" "Mozilla/5.0 (X11; U; Linux i686; rv:1.7.8) Gecko/20050513 Epiphany/1.4.8 (Debian)"
192.168.8.157 - - [29/Sep/2005:11:23:32 +0200] "GET /php/info.php HTTP/1.1" 200 37507 "-" "Mozilla/5.0 (X11; U; Linux i686; en-US; rv:1.7.8) Gecko/20050517 Firefox/1.0.4 (Debian package 1.0.4-2)"
192.168.8.157 - - [29/Sep/2005:11:23:32 +0200] "GET /php/info.php?=PHPE9568F34-D428-11d2-A769-00AA001ACF42 HTTP/1.1" 200 2962 "http://192.168.8.249/php/info.php" "Mozilla/5.0 (X11; U; Linux i686; en-US; rv:1.7.8) Gecko/20050517 Firefox/1.0.4 (Debian package 1.0.4-2)"
192.168.8.157 - - [29/Sep/2005:11:23:32 +0200] "GET /php/info.php?=PHPE9568F35-D428-11d2-A769-00AA001ACF42 HTTP/1.1" 200 4440 "http://192.168.8.249/php/info.php" "Mozilla/5.0 (X11; U; Linux i686; en-US; rv:1.7.8) Gecko/20050517 Firefox/1.0.4 (Debian package 1.0.4-2)"
192.168.8.157 - - [29/Sep/2005:11:23:32 +0200] "GET /favicon.ico HTTP/1.1" 404 312 "-" "Mozilla/5.0 (X11; U; Linux i686; en-US; rv:1.7.8) Gecko/20050517 Firefox/1.0.4 (Debian package 1.0.4-2)"
192.168.8.32 - - [29/Sep/2005:11:24:08 +0200] "GET /php/info.php HTTP/1.1" 200 37433 "-" "Mozilla/5.0 (X11; U; Linux i686; en-US; rv:1.7.10) Gecko/20050716 Firefox/1.0.6"
192.168.8.32 - - [29/Sep/2005:11:24:08 +0200] "GET /php/info.php?=PHPE9568F34-D428-11d2-A769-00AA001ACF42 HTTP/1.1" 200 2962 "http://192.168.8.249/php/info.php" "Mozilla/5.0 (X11; U; Linux i686; en-US; rv:1.7.10) Gecko/20050716 Firefox/1.0.6"
192.168.8.32 - - [29/Sep/2005:11:24:08 +0200] "GET /php/info.php?=PHPE9568F35-D428-11d2-A769-00AA001ACF42 HTTP/1.1" 200 4440 "http://192.168.8.249/php/info.php" "Mozilla/5.0 (X11; U; Linux i686; en-US; rv:1.7.10) Gecko/20050716 Firefox/1.0.6"
192.168.8.32 - - [29/Sep/2005:11:24:09 +0200] "GET /favicon.ico HTTP/1.1" 404 312 "-" "Mozilla/5.0 (X11; U; Linux i686; en-US; rv:1.7.10) Gecko/20050716 Firefox/1.0.6"
192.168.8.59 - - [29/Sep/2005:11:24:10 +0200] "GET / HTTP/1.1" 302 324 "-" "Mozilla/5.0 (X11; U; Linux i686; en-US; rv:1.7.10) Gecko/20050825 Firefox/1.0.4 (Debian package 1.0.4-2sarge3)"
192.168.8.59 - - [29/Sep/2005:11:24:10 +0200] "GET /apache2-default/ HTTP/1.1" 200 1789 "-" "Mozilla/5.0 (X11; U; Linux i686; en-US; rv:1.7.10) Gecko/20050825 Firefox/1.0.4 (Debian package 1.0.4-2sarge3)"
192.168.8.59 - - [29/Sep/2005:11:24:10 +0200] "GET /apache2-default/apache_pb.gif HTTP/1.1" 200 2326 "http://192.168.8.249/apache2-default/" "Mozilla/5.0 (X11; U; Linux i686; en-US; rv:1.7.10) Gecko/20050825 Firefox/1.0.4 (Debian package 1.0.4-2sarge3)"
192.168.8.59 - - [29/Sep/2005:11:24:11 +0200] "GET /favicon.ico HTTP/1.1" 404 312 "-" "Mozilla/5.0 (X11; U; Linux i686; en-US; rv:1.7.10) Gecko/20050825 Firefox/1.0.4 (Debian package 1.0.4-2sarge3)"
192.168.8.40 - - [29/Sep/2005:11:24:14 +0200] "GET /php/pitagora.php HTTP/1.1" 200 1622 "-" "Mozilla/5.0 (X11; U; Linux i686; rv:1.7.8) Gecko/20050513 Epiphany/1.4.8 (Debian)"
192.168.8.157 - - [29/Sep/2005:11:24:29 +0200] "GET /php/pitagora.php HTTP/1.1" 200 1622 "-" "Mozilla/5.0 (X11; U; Linux i686; en-US; rv:1.7.8) Gecko/20050517 Firefox/1.0.4 (Debian package 1.0.4-2)"
192.168.8.157 - - [29/Sep/2005:11:24:29 +0200] "GET /favicon.ico HTTP/1.1" 404 312 "-" "Mozilla/5.0 (X11; U; Linux i686; en-US; rv:1.7.8) Gecko/20050517 Firefox/1.0.4 (Debian package 1.0.4-2)"
192.168.8.59 - - [29/Sep/2005:11:24:46 +0200] "GET /www/php/pitagora.php HTTP/1.1" 404 321 "-" "Mozilla/5.0 (X11; U; Linux i686; en-US; rv:1.7.10) Gecko/20050825 Firefox/1.0.4 (Debian package 1.0.4-2sarge3)"
192.168.8.59 - - [29/Sep/2005:11:24:46 +0200] "GET /favicon.ico HTTP/1.1" 404 312 "-" "Mozilla/5.0 (X11; U; Linux i686; en-US; rv:1.7.10) Gecko/20050825 Firefox/1.0.4 (Debian package 1.0.4-2sarge3)"
192.168.8.59 - - [29/Sep/2005:11:24:57 +0200] "GET /pitagora.php HTTP/1.1" 404 313 "-" "Mozilla/5.0 (X11; U; Linux i686; en-US; rv:1.7.10) Gecko/20050825 Firefox/1.0.4 (Debian package 1.0.4-2sarge3)"
192.168.8.59 - - [29/Sep/2005:11:24:57 +0200] "GET /favicon.ico HTTP/1.1" 404 312 "-" "Mozilla/5.0 (X11; U; Linux i686; en-US; rv:1.7.10) Gecko/20050825 Firefox/1.0.4 (Debian package 1.0.4-2sarge3)"
192.168.8.59 - - [29/Sep/2005:11:25:26 +0200] "GET /pitagora.php HTTP/1.1" 404 313 "-" "Mozilla/5.0 (X11; U; Linux i686; en-US; rv:1.7.10) Gecko/20050825 Firefox/1.0.4 (Debian package 1.0.4-2sarge3)"
192.168.8.59 - - [29/Sep/2005:11:25:27 +0200] "GET /favicon.ico HTTP/1.1" 404 312 "-" "Mozilla/5.0 (X11; U; Linux i686; en-US; rv:1.7.10) Gecko/20050825 Firefox/1.0.4 (Debian package 1.0.4-2sarge3)"
192.168.8.157 - - [29/Sep/2005:11:25:33 +0200] "GET /favicon.ico HTTP/1.1" 404 312 "-" "Mozilla/5.0 (X11; U; Linux i686; en-US; rv:1.7.8) Gecko/20050517 Firefox/1.0.4 (Debian package 1.0.4-2)"
192.168.8.59 - - [29/Sep/2005:11:25:34 +0200] "GET /pitagora.php HTTP/1.1" 404 313 "-" "Mozilla/5.0 (X11; U; Linux i686; en-US; rv:1.7.10) Gecko/20050825 Firefox/1.0.4 (Debian package 1.0.4-2sarge3)"
192.168.8.59 - - [29/Sep/2005:11:25:34 +0200] "GET /favicon.ico HTTP/1.1" 404 312 "-" "Mozilla/5.0 (X11; U; Linux i686; en-US; rv:1.7.10) Gecko/20050825 Firefox/1.0.4 (Debian package 1.0.4-2sarge3)"
192.168.8.157 - - [29/Sep/2005:11:25:39 +0200] "GET /favicon.ico HTTP/1.1" 404 312 "-" "Mozilla/5.0 (X11; U; Linux i686; en-US; rv:1.7.8) Gecko/20050517 Firefox/1.0.4 (Debian package 1.0.4-2)"
192.168.8.59 - - [29/Sep/2005:11:25:42 +0200] "GET /pitagora.php HTTP/1.1" 404 313 "-" "Mozilla/5.0 (X11; U; Linux i686; en-US; rv:1.7.10) Gecko/20050825 Firefox/1.0.4 (Debian package 1.0.4-2sarge3)"
192.168.8.59 - - [29/Sep/2005:11:25:42 +0200] "GET /favicon.ico HTTP/1.1" 404 312 "-" "Mozilla/5.0 (X11; U; Linux i686; en-US; rv:1.7.10) Gecko/20050825 Firefox/1.0.4 (Debian package 1.0.4-2sarge3)"
192.168.8.59 - - [29/Sep/2005:11:26:00 +0200] "GET /var/www/php/pitagora.php HTTP/1.1" 404 325 "-" "Mozilla/5.0 (X11; U; Linux i686; en-US; rv:1.7.10) Gecko/20050825 Firefox/1.0.4 (Debian package 1.0.4-2sarge3)"
192.168.8.59 - - [29/Sep/2005:11:26:01 +0200] "GET /favicon.ico HTTP/1.1" 404 312 "-" "Mozilla/5.0 (X11; U; Linux i686; en-US; rv:1.7.10) Gecko/20050825 Firefox/1.0.4 (Debian package 1.0.4-2sarge3)"
192.168.8.59 - - [29/Sep/2005:11:26:20 +0200] "GET /info.php HTTP/1.1" 404 309 "-" "Mozilla/5.0 (X11; U; Linux i686; en-US; rv:1.7.10) Gecko/20050825 Firefox/1.0.4 (Debian package 1.0.4-2sarge3)"
192.168.8.59 - - [29/Sep/2005:11:26:20 +0200] "GET /favicon.ico HTTP/1.1" 404 312 "-" "Mozilla/5.0 (X11; U; Linux i686; en-US; rv:1.7.10) Gecko/20050825 Firefox/1.0.4 (Debian package 1.0.4-2sarge3)"
192.168.8.1 - - [29/Sep/2005:11:28:55 +0200] "GET /php/pitagora.php HTTP/1.1" 200 1622 "-" "Mozilla/5.0 (X11; U; Linux i686; rv:1.7.8) Gecko/20050513 Debian/1.7.8-1"
192.168.8.2 - - [29/Sep/2005:11:28:59 +0200] "GET /php/pitagora.php HTTP/1.1" 200 1622 "-" "Mozilla/5.0 (X11; U; Linux i686; en-US; rv:1.7.8) Gecko/20050513 Debian/1.7.8-1"
192.168.8.157 - - [29/Sep/2005:11:29:12 +0200] "GET /php/form/html HTTP/1.1" 404 319 "-" "Mozilla/5.0 (X11; U; Linux i686; en-US; rv:1.7.8) Gecko/20050517 Firefox/1.0.4 (Debian package 1.0.4-2)"
192.168.8.157 - - [29/Sep/2005:11:29:12 +0200] "GET /favicon.ico HTTP/1.1" 404 312 "-" "Mozilla/5.0 (X11; U; Linux i686; en-US; rv:1.7.8) Gecko/20050517 Firefox/1.0.4 (Debian package 1.0.4-2)"
192.168.8.157 - - [29/Sep/2005:11:29:29 +0200] "GET /php/form.html HTTP/1.1" 200 229 "-" "Mozilla/5.0 (X11; U; Linux i686; en-US; rv:1.7.8) Gecko/20050517 Firefox/1.0.4 (Debian package 1.0.4-2)"
192.168.8.157 - - [29/Sep/2005:11:29:29 +0200] "GET /favicon.ico HTTP/1.1" 404 312 "-" "Mozilla/5.0 (X11; U; Linux i686; en-US; rv:1.7.8) Gecko/20050517 Firefox/1.0.4 (Debian package 1.0.4-2)"
192.168.8.157 - - [29/Sep/2005:11:29:38 +0200] "GET /php/pitagora.php HTTP/1.1" 200 1622 "-" "Mozilla/5.0 (X11; U; Linux i686; en-US; rv:1.7.8) Gecko/20050517 Firefox/1.0.4 (Debian package 1.0.4-2)"
192.168.8.157 - - [29/Sep/2005:11:29:38 +0200] "GET /favicon.ico HTTP/1.1" 404 312 "-" "Mozilla/5.0 (X11; U; Linux i686; en-US; rv:1.7.8) Gecko/20050517 Firefox/1.0.4 (Debian package 1.0.4-2)"
192.168.8.59 - - [29/Sep/2005:11:30:22 +0200] "GET /info.php HTTP/1.1" 404 309 "-" "Mozilla/5.0 (X11; U; Linux i686; en-US; rv:1.7.10) Gecko/20050825 Firefox/1.0.4 (Debian package 1.0.4-2sarge3)"
192.168.8.59 - - [29/Sep/2005:11:30:22 +0200] "GET /favicon.ico HTTP/1.1" 404 312 "-" "Mozilla/5.0 (X11; U; Linux i686; en-US; rv:1.7.10) Gecko/20050825 Firefox/1.0.4 (Debian package 1.0.4-2sarge3)"
192.168.8.59 - - [29/Sep/2005:11:30:28 +0200] "GET /info.php HTTP/1.1" 404 309 "-" "Mozilla/5.0 (X11; U; Linux i686; en-US; rv:1.7.10) Gecko/20050825 Firefox/1.0.4 (Debian package 1.0.4-2sarge3)"
192.168.8.59 - - [29/Sep/2005:11:30:28 +0200] "GET /favicon.ico HTTP/1.1" 404 312 "-" "Mozilla/5.0 (X11; U; Linux i686; en-US; rv:1.7.10) Gecko/20050825 Firefox/1.0.4 (Debian package 1.0.4-2sarge3)"
192.168.8.59 - - [29/Sep/2005:11:30:37 +0200] "GET /var/www/php/pitagora.php HTTP/1.1" 404 325 "-" "Mozilla/5.0 (X11; U; Linux i686; en-US; rv:1.7.10) Gecko/20050825 Firefox/1.0.4 (Debian package 1.0.4-2sarge3)"
192.168.8.59 - - [29/Sep/2005:11:30:37 +0200] "GET /favicon.ico HTTP/1.1" 404 312 "-" "Mozilla/5.0 (X11; U; Linux i686; en-US; rv:1.7.10) Gecko/20050825 Firefox/1.0.4 (Debian package 1.0.4-2sarge3)"
192.168.8.59 - - [29/Sep/2005:11:31:02 +0200] "GET /var/www/php/pitagora.php HTTP/1.1" 404 325 "-" "Mozilla/5.0 (X11; U; Linux i686; en-US; rv:1.7.10) Gecko/20050825 Firefox/1.0.4 (Debian package 1.0.4-2sarge3)"
192.168.8.59 - - [29/Sep/2005:11:31:02 +0200] "GET /favicon.ico HTTP/1.1" 404 312 "-" "Mozilla/5.0 (X11; U; Linux i686; en-US; rv:1.7.10) Gecko/20050825 Firefox/1.0.4 (Debian package 1.0.4-2sarge3)"
192.168.8.2 - - [29/Sep/2005:11:32:04 +0200] "GET /w3c/p3p.xml HTTP/1.1" 404 312 "-" "Mozilla/5.0 (X11; U; Linux i686; en-US; rv:1.7.8) Gecko/20050513 Debian/1.7.8-1"
192.168.8.59 - - [29/Sep/2005:11:33:16 +0200] "GET / HTTP/1.1" 302 324 "-" "Mozilla/5.0 (X11; U; Linux i686; en-US; rv:1.7.10) Gecko/20050825 Firefox/1.0.4 (Debian package 1.0.4-2sarge3)"
192.168.8.59 - - [29/Sep/2005:11:33:16 +0200] "GET /favicon.ico HTTP/1.1" 404 312 "-" "Mozilla/5.0 (X11; U; Linux i686; en-US; rv:1.7.10) Gecko/20050825 Firefox/1.0.4 (Debian package 1.0.4-2sarge3)"
192.168.8.59 - - [29/Sep/2005:11:33:20 +0200] "GET /manual/ HTTP/1.1" 404 308 "http://192.168.8.249/apache2-default/" "Mozilla/5.0 (X11; U; Linux i686; en-US; rv:1.7.10) Gecko/20050825 Firefox/1.0.4 (Debian package 1.0.4-2sarge3)"
192.168.8.59 - - [29/Sep/2005:11:33:20 +0200] "GET /favicon.ico HTTP/1.1" 404 312 "-" "Mozilla/5.0 (X11; U; Linux i686; en-US; rv:1.7.10) Gecko/20050825 Firefox/1.0.4 (Debian package 1.0.4-2sarge3)"
192.168.8.59 - - [29/Sep/2005:11:33:23 +0200] "GET /favicon.ico HTTP/1.1" 404 312 "-" "Mozilla/5.0 (X11; U; Linux i686; en-US; rv:1.7.10) Gecko/20050825 Firefox/1.0.4 (Debian package 1.0.4-2sarge3)"
192.168.8.59 - - [29/Sep/2005:11:33:38 +0200] "GET /var/www/php/pitagora.php HTTP/1.1" 404 325 "-" "Mozilla/5.0 (X11; U; Linux i686; en-US; rv:1.7.10) Gecko/20050825 Firefox/1.0.4 (Debian package 1.0.4-2sarge3)"
192.168.8.59 - - [29/Sep/2005:11:33:38 +0200] "GET /favicon.ico HTTP/1.1" 404 312 "-" "Mozilla/5.0 (X11; U; Linux i686; en-US; rv:1.7.10) Gecko/20050825 Firefox/1.0.4 (Debian package 1.0.4-2sarge3)"
192.168.8.59 - - [29/Sep/2005:11:33:43 +0200] "GET /var/www/php/pitagora HTTP/1.1" 404 321 "-" "Mozilla/5.0 (X11; U; Linux i686; en-US; rv:1.7.10) Gecko/20050825 Firefox/1.0.4 (Debian package 1.0.4-2sarge3)"
192.168.8.59 - - [29/Sep/2005:11:33:43 +0200] "GET /favicon.ico HTTP/1.1" 404 312 "-" "Mozilla/5.0 (X11; U; Linux i686; en-US; rv:1.7.10) Gecko/20050825 Firefox/1.0.4 (Debian package 1.0.4-2sarge3)"
192.168.8.2 - - [29/Sep/2005:11:33:49 +0200] "GET / HTTP/1.1" 302 324 "-" "Mozilla/5.0 (X11; U; Linux i686; en-US; rv:1.7.8) Gecko/20050513 Debian/1.7.8-1"
192.168.8.59 - - [29/Sep/2005:11:33:54 +0200] "GET /var/www/pitagora HTTP/1.1" 404 317 "-" "Mozilla/5.0 (X11; U; Linux i686; en-US; rv:1.7.10) Gecko/20050825 Firefox/1.0.4 (Debian package 1.0.4-2sarge3)"
192.168.8.59 - - [29/Sep/2005:11:33:54 +0200] "GET /favicon.ico HTTP/1.1" 404 312 "-" "Mozilla/5.0 (X11; U; Linux i686; en-US; rv:1.7.10) Gecko/20050825 Firefox/1.0.4 (Debian package 1.0.4-2sarge3)"
192.168.8.2 - - [29/Sep/2005:11:33:59 +0200] "GET /php/form.php HTTP/1.1" 404 313 "-" "Mozilla/5.0 (X11; U; Linux i686; en-US; rv:1.7.8) Gecko/20050513 Debian/1.7.8-1"
192.168.8.59 - - [29/Sep/2005:11:34:06 +0200] "GET /pitagora.php HTTP/1.1" 404 313 "-" "Mozilla/5.0 (X11; U; Linux i686; en-US; rv:1.7.10) Gecko/20050825 Firefox/1.0.4 (Debian package 1.0.4-2sarge3)"
192.168.8.59 - - [29/Sep/2005:11:34:06 +0200] "GET /favicon.ico HTTP/1.1" 404 312 "-" "Mozilla/5.0 (X11; U; Linux i686; en-US; rv:1.7.10) Gecko/20050825 Firefox/1.0.4 (Debian package 1.0.4-2sarge3)"
192.168.8.2 - - [29/Sep/2005:11:34:08 +0200] "GET /php/form.html HTTP/1.1" 200 229 "-" "Mozilla/5.0 (X11; U; Linux i686; en-US; rv:1.7.8) Gecko/20050513 Debian/1.7.8-1"
192.168.8.59 - - [29/Sep/2005:11:34:12 +0200] "GET /favicon.ico HTTP/1.1" 404 312 "-" "Mozilla/5.0 (X11; U; Linux i686; en-US; rv:1.7.10) Gecko/20050825 Firefox/1.0.4 (Debian package 1.0.4-2sarge3)"
192.168.8.59 - - [29/Sep/2005:11:34:17 +0200] "GET / HTTP/1.1" 302 324 "-" "Mozilla/5.0 (X11; U; Linux i686; en-US; rv:1.7.10) Gecko/20050825 Firefox/1.0.4 (Debian package 1.0.4-2sarge3)"
192.168.8.59 - - [29/Sep/2005:11:34:18 +0200] "GET /favicon.ico HTTP/1.1" 404 312 "-" "Mozilla/5.0 (X11; U; Linux i686; en-US; rv:1.7.10) Gecko/20050825 Firefox/1.0.4 (Debian package 1.0.4-2sarge3)"
192.168.8.59 - - [29/Sep/2005:11:35:24 +0200] "GET /manual/ HTTP/1.1" 404 308 "http://192.168.8.249/apache2-default/" "Mozilla/5.0 (X11; U; Linux i686; en-US; rv:1.7.10) Gecko/20050825 Firefox/1.0.4 (Debian package 1.0.4-2sarge3)"
192.168.8.59 - - [29/Sep/2005:11:35:24 +0200] "GET /favicon.ico HTTP/1.1" 404 312 "-" "Mozilla/5.0 (X11; U; Linux i686; en-US; rv:1.7.10) Gecko/20050825 Firefox/1.0.4 (Debian package 1.0.4-2sarge3)"
192.168.8.59 - - [29/Sep/2005:11:35:28 +0200] "GET /favicon.ico HTTP/1.1" 404 312 "-" "Mozilla/5.0 (X11; U; Linux i686; en-US; rv:1.7.10) Gecko/20050825 Firefox/1.0.4 (Debian package 1.0.4-2sarge3)"
192.168.8.2 - - [29/Sep/2005:11:35:31 +0200] "GET /php/ HTTP/1.1" 200 1861 "-" "Mozilla/5.0 (X11; U; Linux i686; en-US; rv:1.7.8) Gecko/20050513 Debian/1.7.8-1"
192.168.8.2 - - [29/Sep/2005:11:35:31 +0200] "GET /icons/blank.gif HTTP/1.1" 200 148 "http://192.168.8.249/php/" "Mozilla/5.0 (X11; U; Linux i686; en-US; rv:1.7.8) Gecko/20050513 Debian/1.7.8-1"
192.168.8.2 - - [29/Sep/2005:11:35:31 +0200] "GET /icons/back.gif HTTP/1.1" 200 216 "http://192.168.8.249/php/" "Mozilla/5.0 (X11; U; Linux i686; en-US; rv:1.7.8) Gecko/20050513 Debian/1.7.8-1"
192.168.8.2 - - [29/Sep/2005:11:35:31 +0200] "GET /icons/unknown.gif HTTP/1.1" 200 245 "http://192.168.8.249/php/" "Mozilla/5.0 (X11; U; Linux i686; en-US; rv:1.7.8) Gecko/20050513 Debian/1.7.8-1"
192.168.8.2 - - [29/Sep/2005:11:35:31 +0200] "GET /icons/text.gif HTTP/1.1" 200 229 "http://192.168.8.249/php/" "Mozilla/5.0 (X11; U; Linux i686; en-US; rv:1.7.8) Gecko/20050513 Debian/1.7.8-1"
192.168.8.2 - - [29/Sep/2005:11:35:39 +0200] "GET /php/login.html HTTP/1.1" 200 244 "http://192.168.8.249/php/" "Mozilla/5.0 (X11; U; Linux i686; en-US; rv:1.7.8) Gecko/20050513 Debian/1.7.8-1"
192.168.8.2 - - [29/Sep/2005:11:35:44 +0200] "GET /php/users.php HTTP/1.1" 200 114 "http://192.168.8.249/php/" "Mozilla/5.0 (X11; U; Linux i686; en-US; rv:1.7.8) Gecko/20050513 Debian/1.7.8-1"
192.168.8.2 - - [29/Sep/2005:11:35:52 +0200] "GET /php/users2.php HTTP/1.1" 200 432 "http://192.168.8.249/php/" "Mozilla/5.0 (X11; U; Linux i686; en-US; rv:1.7.8) Gecko/20050513 Debian/1.7.8-1"
192.168.8.40 - - [29/Sep/2005:11:36:18 +0200] "GET /php/form.html HTTP/1.1" 200 229 "-" "Mozilla/5.0 (X11; U; Linux i686; rv:1.7.8) Gecko/20050513 Epiphany/1.4.8 (Debian)"
192.168.8.2 - - [29/Sep/2005:11:36:41 +0200] "GET /php/nohup.out HTTP/1.1" 403 318 "http://192.168.8.249/php/" "Mozilla/5.0 (X11; U; Linux i686; en-US; rv:1.7.8) Gecko/20050513 Debian/1.7.8-1"
192.168.8.2 - - [29/Sep/2005:11:38:12 +0200] "GET /php/action.php HTTP/1.1" 200 105 "-" "Mozilla/5.0 (X11; U; Linux i686; en-US; rv:1.7.8) Gecko/20050513 Debian/1.7.8-1"
192.168.8.40 - - [29/Sep/2005:11:38:44 +0200] "GET /php/action.php HTTP/1.1" 200 105 "-" "Mozilla/5.0 (X11; U; Linux i686; rv:1.7.8) Gecko/20050513 Epiphany/1.4.8 (Debian)"
192.168.8.2 - - [29/Sep/2005:11:41:26 +0200] "POST /php/action.php HTTP/1.1" 200 114 "http://192.168.8.249/php/form.html" "Mozilla/5.0 (X11; U; Linux i686; en-US; rv:1.7.8) Gecko/20050513 Debian/1.7.8-1"
192.168.8.40 - - [29/Sep/2005:11:41:36 +0200] "POST /php/action.php HTTP/1.1" 200 111 "http://192.168.8.249/php/form.html" "Mozilla/5.0 (X11; U; Linux i686; rv:1.7.8) Gecko/20050513 Epiphany/1.4.8 (Debian)"
192.168.8.40 - - [29/Sep/2005:11:41:51 +0200] "POST /php/action.php HTTP/1.1" 200 105 "http://192.168.8.249/php/form.html" "Mozilla/5.0 (X11; U; Linux i686; rv:1.7.8) Gecko/20050513 Epiphany/1.4.8 (Debian)"
192.168.8.1 - - [29/Sep/2005:11:42:35 +0200] "GET /php/action.php HTTP/1.1" 200 105 "-" "Mozilla/5.0 (X11; U; Linux i686; rv:1.7.8) Gecko/20050513 Debian/1.7.8-1"
192.168.8.1 - - [29/Sep/2005:11:43:09 +0200] "GET /php/form.html HTTP/1.1" 200 229 "-" "Mozilla/5.0 (X11; U; Linux i686; rv:1.7.8) Gecko/20050513 Debian/1.7.8-1"
192.168.8.1 - - [29/Sep/2005:11:43:18 +0200] "POST /php/action.php HTTP/1.1" 200 110 "http://192.168.8.249/php/form.html" "Mozilla/5.0 (X11; U; Linux i686; rv:1.7.8) Gecko/20050513 Debian/1.7.8-1"
192.168.8.1 - - [29/Sep/2005:11:43:27 +0200] "GET /php/action.php HTTP/1.1" 200 105 "-" "Mozilla/5.0 (X11; U; Linux i686; rv:1.7.8) Gecko/20050513 Debian/1.7.8-1"
192.168.8.1 - - [29/Sep/2005:11:43:55 +0200] "POST /php/action.php HTTP/1.1" 200 110 "http://192.168.8.249/php/form.html" "Mozilla/5.0 (X11; U; Linux i686; rv:1.7.8) Gecko/20050513 Debian/1.7.8-1"
192.168.8.157 - - [29/Sep/2005:12:53:51 +0200] "GET /favicon.ico HTTP/1.1" 404 312 "-" "Mozilla/5.0 (X11; U; Linux i686; en-US; rv:1.7.8) Gecko/20050517 Firefox/1.0.4 (Debian package 1.0.4-2)"
192.168.8.61 - - [29/Sep/2005:15:22:23 +0200] "GET /php.tgz HTTP/1.0" 200 1879 "-" "Wget/1.9.1"
192.168.161.182 - - [23/Nov/2005:14:46:52 +0100] "GET /z.tar.gz HTTP/1.0" 200 209053 "-" "Wget/1.9.1"
192.168.1.189 - - [12/Jan/2006:17:07:48 +0100] "GET / HTTP/1.1" 302 322 "-" "Mozilla/4.0 (compatible; MSIE 6.0; Windows NT 5.1)"
192.168.1.189 - - [12/Jan/2006:17:07:48 +0100] "GET /apache2-default/ HTTP/1.1" 200 1789 "-" "Mozilla/4.0 (compatible; MSIE 6.0; Windows NT 5.1)"
192.168.1.189 - - [12/Jan/2006:17:07:49 +0100] "GET /apache2-default/apache_pb.gif HTTP/1.1" 200 2326 "http://192.168.1.18/apache2-default/" "Mozilla/4.0 (compatible; MSIE 6.0; Windows NT 5.1)"
192.168.1.189 - - [12/Jan/2006:17:08:07 +0100] "GET /index.html HTTP/1.1" 200 635 "-" "Mozilla/4.0 (compatible; MSIE 6.0; Windows NT 5.1)"
192.168.1.189 - - [12/Jan/2006:17:09:02 +0100] "GET /index.html HTTP/1.1" 200 2557 "-" "Mozilla/4.0 (compatible; MSIE 6.0; Windows NT 5.1)"
192.168.1.189 - - [12/Jan/2006:17:09:21 +0100] "GET /index.html HTTP/1.1" 200 635 "-" "Mozilla/4.0 (compatible; MSIE 6.0; Windows NT 5.1)"
192.168.1.189 - - [12/Jan/2006:17:09:28 +0100] "GET /index.html HTTP/1.1" 200 635 "-" "Mozilla/4.0 (compatible; MSIE 6.0; Windows NT 5.1)"
192.168.1.189 - - [12/Jan/2006:17:09:30 +0100] "GET /index.html HTTP/1.1" 304 - "-" "Mozilla/4.0 (compatible; MSIE 6.0; Windows NT 5.1)"
192.168.1.189 - - [12/Jan/2006:17:09:38 +0100] "GET /index.html HTTP/1.1" 200 2557 "-" "Mozilla/4.0 (compatible; MSIE 6.0; Windows NT 5.1)"
192.168.1.189 - - [12/Jan/2006:17:09:45 +0100] "GET /submission/esame_form.html HTTP/1.1" 200 1188 "http://192.168.1.18/index.html" "Mozilla/4.0 (compatible; MSIE 6.0; Windows NT 5.1)"
192.168.1.189 - - [12/Jan/2006:17:09:48 +0100] "POST /submission/esame_risposta.php HTTP/1.1" 200 1061 "http://192.168.1.18/submission/esame_form.html" "Mozilla/4.0 (compatible; MSIE 6.0; Windows NT 5.1)"
192.168.1.18 - - [12/Jan/2006:17:53:45 +0100] "GET /index.html HTTP/1.1" 200 2557 "-" "Mozilla/5.0 (compatible; Konqueror/3.3; Linux) KHTML/3.3.2 (like Gecko)"
192.168.1.18 - - [12/Jan/2006:17:53:46 +0100] "GET /favicon.ico HTTP/1.1" 404 311 "-" "Mozilla/5.0 (compatible; Konqueror/3.3; Linux) KHTML/3.3.2 (like Gecko)"
192.168.1.207 - - [12/Jan/2006:17:58:54 +0100] "GET /index.html HTTP/1.1" 200 2557 "-" "Mozilla/4.0 (compatible; MSIE 6.0; Windows NT 5.1)"
192.168.1.5 - - [13/Jan/2006:09:16:21 +0100] "GET / HTTP/1.1" 302 320 "-" "Mozilla/4.0 (compatible; MSIE 6.0; Windows NT 5.1)"
192.168.1.5 - - [13/Jan/2006:09:16:21 +0100] "GET /apache2-default/ HTTP/1.1" 200 1789 "-" "Mozilla/4.0 (compatible; MSIE 6.0; Windows NT 5.1)"
192.168.1.5 - - [13/Jan/2006:09:16:21 +0100] "GET /apache2-default/apache_pb.gif HTTP/1.1" 200 2326 "http://192.168.1.7/apache2-default/" "Mozilla/4.0 (compatible; MSIE 6.0; Windows NT 5.1)"
192.168.1.5 - - [13/Jan/2006:09:16:30 +0100] "GET /index.html HTTP/1.1" 200 635 "-" "Mozilla/4.0 (compatible; MSIE 6.0; Windows NT 5.1)"
192.168.1.5 - - [13/Jan/2006:09:16:44 +0100] "GET /index.html HTTP/1.1" 200 2557 "-" "Mozilla/4.0 (compatible; MSIE 6.0; Windows NT 5.1)"
192.168.1.5 - - [13/Jan/2006:09:28:55 +0100] "GET /index.html HTTP/1.1" 200 693 "-" "Mozilla/4.0 (compatible; MSIE 6.0; Windows NT 5.1)"
192.168.1.5 - - [13/Jan/2006:09:34:40 +0100] "GET /index.html HTTP/1.1" 200 693 "-" "Mozilla/4.0 (compatible; MSIE 6.0; Windows NT 5.1)"
192.168.1.5 - - [13/Jan/2006:09:38:20 +0100] "GET /index.html HTTP/1.1" 200 2609 "-" "Mozilla/4.0 (compatible; MSIE 6.0; Windows NT 5.1)"
192.168.1.5 - - [13/Jan/2006:09:38:53 +0100] "GET /index.html HTTP/1.1" 200 693 "-" "Mozilla/4.0 (compatible; MSIE 6.0; Windows NT 5.1)"
192.168.1.5 - - [13/Jan/2006:09:40:05 +0100] "GET /index.html HTTP/1.1" 200 693 "-" "Mozilla/4.0 (compatible; MSIE 6.0; Windows NT 5.1)"
192.168.1.5 - - [13/Jan/2006:09:40:20 +0100] "GET /index.html HTTP/1.1" 304 - "-" "Mozilla/4.0 (compatible; MSIE 6.0; Windows NT 5.1)"
192.168.1.5 - - [13/Jan/2006:09:41:14 +0100] "GET /index.html HTTP/1.1" 304 - "-" "Mozilla/4.0 (compatible; MSIE 6.0; Windows NT 5.1)"
192.168.1.5 - - [13/Jan/2006:09:47:08 +0100] "GET /index.html HTTP/1.1" 200 693 "-" "Mozilla/4.0 (compatible; MSIE 6.0; Windows NT 5.1)"
192.168.1.5 - - [13/Jan/2006:09:48:32 +0100] "GET /index.html HTTP/1.1" 200 693 "-" "Mozilla/4.0 (compatible; MSIE 6.0; Windows NT 5.1)"
192.168.1.5 - - [13/Jan/2006:09:48:35 +0100] "GET /index.html HTTP/1.1" 304 - "-" "Mozilla/4.0 (compatible; MSIE 6.0; Windows NT 5.1)"
192.168.1.5 - - [13/Jan/2006:09:48:43 +0100] "GET /index.html HTTP/1.1" 200 2609 "-" "Mozilla/4.0 (compatible; MSIE 6.0; Windows NT 5.1)"
192.168.1.5 - - [13/Jan/2006:09:48:53 +0100] "GET /index.html HTTP/1.1" 200 693 "-" "Mozilla/4.0 (compatible; MSIE 6.0; Windows NT 5.1)"
192.168.1.5 - - [13/Jan/2006:09:49:00 +0100] "GET /index.html HTTP/1.1" 200 2609 "-" "Mozilla/4.0 (compatible; MSIE 6.0; Windows NT 5.1)"
192.168.1.5 - - [13/Jan/2006:09:58:37 +0100] "GET /submission/esame_form.html HTTP/1.1" 200 1188 "http://192.168.1.7/index.html" "Mozilla/4.0 (compatible; MSIE 6.0; Windows NT 5.1)"
192.168.1.5 - - [13/Jan/2006:09:58:40 +0100] "POST /submission/esame_risposta.php HTTP/1.1" 200 1167 "http://192.168.1.7/submission/esame_form.html" "Mozilla/4.0 (compatible; MSIE 6.0; Windows NT 5.1)"
192.168.1.5 - - [13/Jan/2006:10:00:12 +0100] "GET /submission/esame_form.html HTTP/1.1" 200 1188 "http://192.168.1.7/index.html" "Mozilla/4.0 (compatible; MSIE 6.0; Windows NT 5.1)"
192.168.1.5 - - [13/Jan/2006:10:00:13 +0100] "POST /submission/esame_risposta.php HTTP/1.1" 200 134 "http://192.168.1.7/submission/esame_form.html" "Mozilla/4.0 (compatible; MSIE 6.0; Windows NT 5.1)"
192.168.1.5 - - [13/Jan/2006:10:00:37 +0100] "POST /submission/esame_risposta.php HTTP/1.1" 200 1421 "http://192.168.1.7/submission/esame_form.html" "Mozilla/4.0 (compatible; MSIE 6.0; Windows NT 5.1)"
192.168.1.5 - - [13/Jan/2006:10:02:03 +0100] "POST /submission/esame_risposta.php HTTP/1.1" 200 1527 "http://192.168.1.7/submission/esame_form.html" "Mozilla/4.0 (compatible; MSIE 6.0; Windows NT 5.1)"
192.168.1.5 - - [13/Jan/2006:10:02:22 +0100] "POST /submission/esame_risposta.php HTTP/1.1" 200 1633 "http://192.168.1.7/submission/esame_form.html" "Mozilla/4.0 (compatible; MSIE 6.0; Windows NT 5.1)"
192.168.1.5 - - [13/Jan/2006:10:05:26 +0100] "POST /submission/esame_risposta.php HTTP/1.1" 200 1602 "http://192.168.1.7/submission/esame_form.html" "Mozilla/4.0 (compatible; MSIE 6.0; Windows NT 5.1)"
192.168.1.5 - - [13/Jan/2006:10:09:23 +0100] "POST /submission/esame_risposta.php HTTP/1.1" 200 1677 "http://192.168.1.7/submission/esame_form.html" "Mozilla/4.0 (compatible; MSIE 6.0; Windows NT 5.1)"
192.168.1.5 - - [13/Jan/2006:10:14:52 +0100] "POST /submission/esame_risposta.php HTTP/1.1" 200 1694 "http://192.168.1.7/submission/esame_form.html" "Mozilla/4.0 (compatible; MSIE 6.0; Windows NT 5.1)"
192.168.1.5 - - [13/Jan/2006:10:15:56 +0100] "POST /submission/esame_risposta.php HTTP/1.1" 200 1588 "http://192.168.1.7/submission/esame_form.html" "Mozilla/4.0 (compatible; MSIE 6.0; Windows NT 5.1)"
192.168.1.5 - - [13/Jan/2006:10:47:04 +0100] "POST /submission/esame_risposta.php HTTP/1.1" 200 152 "http://192.168.1.7/submission/esame_form.html" "Mozilla/4.0 (compatible; MSIE 6.0; Windows NT 5.1)"
192.168.1.5 - - [13/Jan/2006:10:48:12 +0100] "POST /submission/esame_risposta.php HTTP/1.1" 200 152 "http://192.168.1.7/submission/esame_form.html" "Mozilla/4.0 (compatible; MSIE 6.0; Windows NT 5.1)"
192.168.1.5 - - [13/Jan/2006:10:48:38 +0100] "POST /submission/esame_risposta.php HTTP/1.1" 200 1887 "http://192.168.1.7/submission/esame_form.html" "Mozilla/4.0 (compatible; MSIE 6.0; Windows NT 5.1)"
192.168.1.5 - - [13/Jan/2006:10:49:10 +0100] "POST /submission/esame_risposta.php HTTP/1.1" 200 2271 "http://192.168.1.7/submission/esame_form.html" "Mozilla/4.0 (compatible; MSIE 6.0; Windows NT 5.1)"
192.168.1.5 - - [13/Jan/2006:10:50:08 +0100] "POST /submission/esame_risposta.php HTTP/1.1" 200 2565 "http://192.168.1.7/submission/esame_form.html" "Mozilla/4.0 (compatible; MSIE 6.0; Windows NT 5.1)"
192.168.1.5 - - [13/Jan/2006:11:21:38 +0100] "POST /submission/esame_risposta.php HTTP/1.1" 200 1009 "http://192.168.1.7/submission/esame_form.html" "Mozilla/4.0 (compatible; MSIE 6.0; Windows NT 5.1)"
192.168.1.5 - - [13/Jan/2006:11:23:50 +0100] "POST /submission/esame_risposta.php HTTP/1.1" 200 845 "http://192.168.1.7/submission/esame_form.html" "Mozilla/4.0 (compatible; MSIE 6.0; Windows NT 5.1)"
192.168.1.5 - - [13/Jan/2006:11:25:05 +0100] "POST /submission/esame_risposta.php HTTP/1.1" 200 1647 "http://192.168.1.7/submission/esame_form.html" "Mozilla/4.0 (compatible; MSIE 6.0; Windows NT 5.1)"
192.168.1.5 - - [13/Jan/2006:11:26:46 +0100] "GET /r.php HTTP/1.1" 200 6 "-" "Mozilla/4.0 (compatible; MSIE 6.0; Windows NT 5.1)"
192.168.1.5 - - [13/Jan/2006:11:27:32 +0100] "GET /r.php HTTP/1.1" 200 45 "-" "Mozilla/4.0 (compatible; MSIE 6.0; Windows NT 5.1)"
192.168.1.5 - - [13/Jan/2006:11:27:35 +0100] "GET /r.php HTTP/1.1" 200 45 "-" "Mozilla/4.0 (compatible; MSIE 6.0; Windows NT 5.1)"
192.168.1.5 - - [13/Jan/2006:11:27:37 +0100] "GET /r.php HTTP/1.1" 200 45 "-" "Mozilla/4.0 (compatible; MSIE 6.0; Windows NT 5.1)"
192.168.1.5 - - [13/Jan/2006:11:28:54 +0100] "GET /r.php HTTP/1.1" 200 822 "-" "Mozilla/4.0 (compatible; MSIE 6.0; Windows NT 5.1)"
192.168.1.5 - - [13/Jan/2006:11:30:31 +0100] "POST /submission/esame_risposta.php HTTP/1.1" 200 2124 "http://192.168.1.7/submission/esame_form.html" "Mozilla/4.0 (compatible; MSIE 6.0; Windows NT 5.1)"
192.168.1.5 - - [14/Jan/2006:20:18:20 +0100] "GET / HTTP/1.1" 302 320 "-" "Mozilla/4.0 (compatible; MSIE 6.0; Windows NT 5.1)"
192.168.1.5 - - [14/Jan/2006:20:18:20 +0100] "GET /apache2-default/ HTTP/1.1" 200 1789 "-" "Mozilla/4.0 (compatible; MSIE 6.0; Windows NT 5.1)"
192.168.1.5 - - [14/Jan/2006:20:18:21 +0100] "GET /apache2-default/apache_pb.gif HTTP/1.1" 304 - "http://192.168.1.7/apache2-default/" "Mozilla/4.0 (compatible; MSIE 6.0; Windows NT 5.1)"
192.168.1.5 - - [14/Jan/2006:20:23:00 +0100] "GET / HTTP/1.1" 200 2501 "-" "Mozilla/4.0 (compatible; MSIE 6.0; Windows NT 5.1)"
192.168.1.5 - - [14/Jan/2006:20:24:18 +0100] "GET /submission/esame_form.html HTTP/1.1" 200 1188 "http://192.168.1.7/" "Mozilla/4.0 (compatible; MSIE 6.0; Windows NT 5.1)"
192.168.1.5 - - [14/Jan/2006:20:24:24 +0100] "POST /submission/esame_risposta.php HTTP/1.1" 200 1828 "http://192.168.1.7/submission/esame_form.html" "Mozilla/4.0 (compatible; MSIE 6.0; Windows NT 5.1)"
192.168.1.5 - - [14/Jan/2006:20:26:46 +0100] "POST /submission/esame_risposta.php HTTP/1.1" 200 1850 "http://192.168.1.7/submission/esame_form.html" "Mozilla/4.0 (compatible; MSIE 6.0; Windows NT 5.1)"
192.168.1.5 - - [14/Jan/2006:20:27:32 +0100] "GET /submission/esame_form.html HTTP/1.1" 200 1188 "http://192.168.1.7/" "Mozilla/4.0 (compatible; MSIE 6.0; Windows NT 5.1)"
192.168.1.5 - - [14/Jan/2006:20:27:37 +0100] "POST /submission/esame_risposta.php HTTP/1.1" 200 1972 "http://192.168.1.7/submission/esame_form.html" "Mozilla/4.0 (compatible; MSIE 6.0; Windows NT 5.1)"
192.168.1.5 - - [14/Jan/2006:20:28:46 +0100] "POST /submission/esame_risposta.php HTTP/1.1" 200 2093 "http://192.168.1.7/submission/esame_form.html" "Mozilla/4.0 (compatible; MSIE 6.0; Windows NT 5.1)"
192.168.1.5 - - [14/Jan/2006:20:30:29 +0100] "POST /submission/esame_risposta.php HTTP/1.1" 200 2138 "http://192.168.1.7/submission/esame_form.html" "Mozilla/4.0 (compatible; MSIE 6.0; Windows NT 5.1)"
192.168.1.5 - - [14/Jan/2006:20:32:43 +0100] "POST /submission/esame_risposta.php HTTP/1.1" 200 2209 "http://192.168.1.7/submission/esame_form.html" "Mozilla/4.0 (compatible; MSIE 6.0; Windows NT 5.1)"
192.168.1.5 - - [14/Jan/2006:20:36:43 +0100] "POST /submission/esame_risposta.php HTTP/1.1" 200 130 "http://192.168.1.7/submission/esame_form.html" "Mozilla/4.0 (compatible; MSIE 6.0; Windows NT 5.1)"
192.168.1.5 - - [14/Jan/2006:20:37:08 +0100] "POST /submission/esame_risposta.php HTTP/1.1" 200 2390 "http://192.168.1.7/submission/esame_form.html" "Mozilla/4.0 (compatible; MSIE 6.0; Windows NT 5.1)"
192.168.1.5 - - [14/Jan/2006:20:37:50 +0100] "POST /submission/esame_risposta.php HTTP/1.1" 200 2528 "http://192.168.1.7/submission/esame_form.html" "Mozilla/4.0 (compatible; MSIE 6.0; Windows NT 5.1)"
192.168.1.5 - - [14/Jan/2006:20:39:47 +0100] "POST /submission/esame_risposta.php HTTP/1.1" 200 2450 "http://192.168.1.7/submission/esame_form.html" "Mozilla/4.0 (compatible; MSIE 6.0; Windows NT 5.1)"
192.168.1.5 - - [14/Jan/2006:20:40:11 +0100] "POST /submission/esame_risposta.php HTTP/1.1" 200 2679 "http://192.168.1.7/submission/esame_form.html" "Mozilla/4.0 (compatible; MSIE 6.0; Windows NT 5.1)"
192.168.1.5 - - [14/Jan/2006:20:41:43 +0100] "POST /submission/esame_risposta.php HTTP/1.1" 200 3058 "http://192.168.1.7/submission/esame_form.html" "Mozilla/4.0 (compatible; MSIE 6.0; Windows NT 5.1)"
192.168.1.5 - - [14/Jan/2006:20:44:04 +0100] "POST /submission/esame_risposta.php HTTP/1.1" 200 2911 "http://192.168.1.7/submission/esame_form.html" "Mozilla/4.0 (compatible; MSIE 6.0; Windows NT 5.1)"
192.168.1.5 - - [14/Jan/2006:20:44:44 +0100] "POST /submission/esame_risposta.php HTTP/1.1" 200 2833 "http://192.168.1.7/submission/esame_form.html" "Mozilla/4.0 (compatible; MSIE 6.0; Windows NT 5.1)"
192.168.1.5 - - [14/Jan/2006:20:44:58 +0100] "POST /submission/esame_risposta.php HTTP/1.1" 200 3363 "http://192.168.1.7/submission/esame_form.html" "Mozilla/4.0 (compatible; MSIE 6.0; Windows NT 5.1)"
192.168.1.5 - - [14/Jan/2006:20:46:01 +0100] "POST /submission/esame_risposta.php HTTP/1.1" 200 3092 "http://192.168.1.7/submission/esame_form.html" "Mozilla/4.0 (compatible; MSIE 6.0; Windows NT 5.1)"
192.168.1.5 - - [14/Jan/2006:20:48:29 +0100] "POST /submission/esame_risposta.php HTTP/1.1" 200 3012 "http://192.168.1.7/submission/esame_form.html" "Mozilla/4.0 (compatible; MSIE 6.0; Windows NT 5.1)"
192.168.1.5 - - [14/Jan/2006:20:48:38 +0100] "POST /submission/esame_risposta.php HTTP/1.1" 200 3370 "http://192.168.1.7/submission/esame_form.html" "Mozilla/4.0 (compatible; MSIE 6.0; Windows NT 5.1)"
192.168.1.5 - - [14/Jan/2006:20:49:30 +0100] "POST /submission/esame_risposta.php HTTP/1.1" 200 3896 "http://192.168.1.7/submission/esame_form.html" "Mozilla/4.0 (compatible; MSIE 6.0; Windows NT 5.1)"
192.168.1.5 - - [14/Jan/2006:20:53:20 +0100] "POST /submission/esame_risposta.php HTTP/1.1" 200 3540 "http://192.168.1.7/submission/esame_form.html" "Mozilla/4.0 (compatible; MSIE 6.0; Windows NT 5.1)"
192.168.1.5 - - [14/Jan/2006:20:54:03 +0100] "POST /submission/esame_risposta.php HTTP/1.1" 200 3631 "http://192.168.1.7/submission/esame_form.html" "Mozilla/4.0 (compatible; MSIE 6.0; Windows NT 5.1)"
192.168.1.5 - - [14/Jan/2006:20:55:10 +0100] "POST /submission/esame_risposta.php HTTP/1.1" 200 3720 "http://192.168.1.7/submission/esame_form.html" "Mozilla/4.0 (compatible; MSIE 6.0; Windows NT 5.1)"
192.168.1.5 - - [14/Jan/2006:20:55:50 +0100] "POST /submission/esame_risposta.php HTTP/1.1" 200 3637 "http://192.168.1.7/submission/esame_form.html" "Mozilla/4.0 (compatible; MSIE 6.0; Windows NT 5.1)"
192.168.1.5 - - [14/Jan/2006:20:56:15 +0100] "POST /submission/esame_risposta.php HTTP/1.1" 200 3933 "http://192.168.1.7/submission/esame_form.html" "Mozilla/4.0 (compatible; MSIE 6.0; Windows NT 5.1)"
192.168.1.5 - - [14/Jan/2006:20:57:45 +0100] "POST /submission/esame_risposta.php HTTP/1.1" 200 129 "http://192.168.1.7/submission/esame_form.html" "Mozilla/4.0 (compatible; MSIE 6.0; Windows NT 5.1)"
192.168.1.5 - - [14/Jan/2006:20:58:01 +0100] "POST /submission/esame_risposta.php HTTP/1.1" 200 3872 "http://192.168.1.7/submission/esame_form.html" "Mozilla/4.0 (compatible; MSIE 6.0; Windows NT 5.1)"
192.168.1.5 - - [14/Jan/2006:21:58:37 +0100] "GET / HTTP/1.1" 200 2501 "-" "Mozilla/4.0 (compatible; MSIE 6.0; Windows NT 5.1)"
192.168.1.5 - - [14/Jan/2006:21:58:54 +0100] "GET /submission/esame_form.html HTTP/1.1" 200 1188 "http://192.168.1.7" "Mozilla/4.0 (compatible; MSIE 6.0; Windows NT 5.1)"
192.168.1.5 - - [14/Jan/2006:21:58:58 +0100] "POST /submission/esame_risposta.php HTTP/1.1" 200 155 "http://192.168.1.7/submission/esame_form.html" "Mozilla/4.0 (compatible; MSIE 6.0; Windows NT 5.1)"
192.168.1.5 - - [14/Jan/2006:21:59:25 +0100] "POST /submission/esame_risposta.php HTTP/1.1" 200 3865 "http://192.168.1.7/submission/esame_form.html" "Mozilla/4.0 (compatible; MSIE 6.0; Windows NT 5.1)"
192.168.1.5 - - [14/Jan/2006:22:04:44 +0100] "GET / HTTP/1.1" 200 693 "-" "Mozilla/4.0 (compatible; MSIE 6.0; Windows NT 5.1)"
192.168.1.5 - - [14/Jan/2006:22:04:51 +0100] "GET /submission/esame_form.html HTTP/1.1" 404 325 "-" "Mozilla/4.0 (compatible; MSIE 6.0; Windows NT 5.1)"
192.168.1.5 - - [14/Jan/2006:22:04:53 +0100] "GET /submission/esame_risposta.php HTTP/1.1" 404 328 "-" "Mozilla/4.0 (compatible; MSIE 6.0; Windows NT 5.1)"
192.168.1.5 - - [14/Jan/2006:22:05:01 +0100] "GET / HTTP/1.1" 304 - "-" "Mozilla/4.0 (compatible; MSIE 6.0; Windows NT 5.1)"
192.168.1.5 - - [14/Jan/2006:22:05:13 +0100] "GET / HTTP/1.1" 200 2501 "-" "Mozilla/4.0 (compatible; MSIE 6.0; Windows NT 5.1)"
192.168.1.5 - - [14/Jan/2006:22:05:36 +0100] "GET /submission/esame_form.html HTTP/1.1" 200 1188 "http://192.168.1.7/" "Mozilla/4.0 (compatible; MSIE 6.0; Windows NT 5.1)"
192.168.1.5 - - [14/Jan/2006:22:06:18 +0100] "POST /submission/esame_risposta.php HTTP/1.1" 200 4232 "http://192.168.1.7/submission/esame_form.html" "Mozilla/4.0 (compatible; MSIE 6.0; Windows NT 5.1)"
192.168.1.5 - - [14/Jan/2006:22:08:57 +0100] "POST /submission/esame_risposta.php HTTP/1.1" 200 4243 "http://192.168.1.7/submission/esame_form.html" "Mozilla/4.0 (compatible; MSIE 6.0; Windows NT 5.1)"
192.168.1.5 - - [14/Jan/2006:22:10:16 +0100] "POST /submission/esame_risposta.php HTTP/1.1" 200 4314 "http://192.168.1.7/submission/esame_form.html" "Mozilla/4.0 (compatible; MSIE 6.0; Windows NT 5.1)"
192.168.1.5 - - [14/Jan/2006:22:10:57 +0100] "POST /submission/esame_risposta.php HTTP/1.1" 200 4409 "http://192.168.1.7/submission/esame_form.html" "Mozilla/4.0 (compatible; MSIE 6.0; Windows NT 5.1)"
192.168.1.5 - - [14/Jan/2006:22:11:50 +0100] "POST /submission/esame_risposta.php HTTP/1.1" 200 4471 "http://192.168.1.7/submission/esame_form.html" "Mozilla/4.0 (compatible; MSIE 6.0; Windows NT 5.1)"
192.168.1.5 - - [14/Jan/2006:22:13:23 +0100] "POST /submission/esame_risposta.php HTTP/1.1" 200 4542 "http://192.168.1.7/submission/esame_form.html" "Mozilla/4.0 (compatible; MSIE 6.0; Windows NT 5.1)"
192.168.1.5 - - [14/Jan/2006:22:13:51 +0100] "POST /submission/esame_risposta.php HTTP/1.1" 200 4613 "http://192.168.1.7/submission/esame_form.html" "Mozilla/4.0 (compatible; MSIE 6.0; Windows NT 5.1)"
192.168.1.5 - - [14/Jan/2006:22:14:11 +0100] "POST /submission/esame_risposta.php HTTP/1.1" 200 4696 "http://192.168.1.7/submission/esame_form.html" "Mozilla/4.0 (compatible; MSIE 6.0; Windows NT 5.1)"
192.168.1.5 - - [14/Jan/2006:22:15:11 +0100] "POST /submission/esame_risposta.php HTTP/1.1" 200 159 "http://192.168.1.7/submission/esame_form.html" "Mozilla/4.0 (compatible; MSIE 6.0; Windows NT 5.1)"
192.168.1.5 - - [14/Jan/2006:22:15:23 +0100] "POST /submission/esame_risposta.php HTTP/1.1" 200 763 "http://192.168.1.7/submission/esame_form.html" "Mozilla/4.0 (compatible; MSIE 6.0; Windows NT 5.1)"
192.168.1.5 - - [14/Jan/2006:22:15:36 +0100] "POST /submission/esame_risposta.php HTTP/1.1" 200 748 "http://192.168.1.7/submission/esame_form.html" "Mozilla/4.0 (compatible; MSIE 6.0; Windows NT 5.1)"
192.168.1.5 - - [14/Jan/2006:22:21:52 +0100] "POST /submission/esame_risposta.php HTTP/1.1" 200 155 "http://192.168.1.7/submission/esame_form.html" "Mozilla/4.0 (compatible; MSIE 6.0; Windows NT 5.1)"
192.168.1.5 - - [14/Jan/2006:22:22:07 +0100] "POST /submission/esame_risposta.php HTTP/1.1" 200 5067 "http://192.168.1.7/submission/esame_form.html" "Mozilla/4.0 (compatible; MSIE 6.0; Windows NT 5.1)"
192.168.1.5 - - [14/Jan/2006:22:23:58 +0100] "POST /submission/esame_risposta.php HTTP/1.1" 200 5165 "http://192.168.1.7/submission/esame_form.html" "Mozilla/4.0 (compatible; MSIE 6.0; Windows NT 5.1)"
192.168.1.5 - - [14/Jan/2006:22:26:16 +0100] "POST /submission/esame_risposta.php HTTP/1.1" 200 5349 "http://192.168.1.7/submission/esame_form.html" "Mozilla/4.0 (compatible; MSIE 6.0; Windows NT 5.1)"
192.168.1.5 - - [14/Jan/2006:22:26:32 +0100] "POST /submission/esame_risposta.php HTTP/1.1" 200 5489 "http://192.168.1.7/submission/esame_form.html" "Mozilla/4.0 (compatible; MSIE 6.0; Windows NT 5.1)"
192.168.1.5 - - [14/Jan/2006:22:29:38 +0100] "POST /submission/esame_risposta.php HTTP/1.1" 200 5542 "http://192.168.1.7/submission/esame_form.html" "Mozilla/4.0 (compatible; MSIE 6.0; Windows NT 5.1)"
192.168.1.5 - - [14/Jan/2006:22:29:47 +0100] "POST /submission/esame_risposta.php HTTP/1.1" 200 5492 "http://192.168.1.7/submission/esame_form.html" "Mozilla/4.0 (compatible; MSIE 6.0; Windows NT 5.1)"
192.168.1.5 - - [14/Jan/2006:22:30:16 +0100] "POST /submission/esame_risposta.php HTTP/1.1" 200 5474 "http://192.168.1.7/submission/esame_form.html" "Mozilla/4.0 (compatible; MSIE 6.0; Windows NT 5.1)"
192.168.1.5 - - [14/Jan/2006:22:31:35 +0100] "POST /submission/esame_risposta.php HTTP/1.1" 200 5506 "http://192.168.1.7/submission/esame_form.html" "Mozilla/4.0 (compatible; MSIE 6.0; Windows NT 5.1)"
192.168.1.5 - - [14/Jan/2006:22:32:00 +0100] "POST /submission/esame_risposta.php HTTP/1.1" 200 5489 "http://192.168.1.7/submission/esame_form.html" "Mozilla/4.0 (compatible; MSIE 6.0; Windows NT 5.1)"
192.168.1.5 - - [14/Jan/2006:22:35:30 +0100] "POST /submission/esame_risposta.php HTTP/1.1" 200 5512 "http://192.168.1.7/submission/esame_form.html" "Mozilla/4.0 (compatible; MSIE 6.0; Windows NT 5.1)"
192.168.1.5 - - [14/Jan/2006:22:36:07 +0100] "POST /submission/esame_risposta.php HTTP/1.1" 200 5500 "http://192.168.1.7/submission/esame_form.html" "Mozilla/4.0 (compatible; MSIE 6.0; Windows NT 5.1)"
192.168.1.5 - - [14/Jan/2006:22:39:17 +0100] "GET /submission/esame_form.html HTTP/1.1" 200 1188 "http://192.168.1.7/" "Mozilla/4.0 (compatible; MSIE 6.0; Windows NT 5.1)"
192.168.1.5 - - [14/Jan/2006:22:39:27 +0100] "POST /submission/esame_risposta.php HTTP/1.1" 200 5471 "http://192.168.1.7/submission/esame_form.html" "Mozilla/4.0 (compatible; MSIE 6.0; Windows NT 5.1)"
192.168.1.5 - - [14/Jan/2006:22:41:23 +0100] "POST /submission/esame_risposta.php HTTP/1.1" 200 5510 "http://192.168.1.7/submission/esame_form.html" "Mozilla/4.0 (compatible; MSIE 6.0; Windows NT 5.1)"
192.168.1.5 - - [14/Jan/2006:22:53:00 +0100] "GET / HTTP/1.1" 200 2405 "-" "Mozilla/4.0 (compatible; MSIE 6.0; Windows NT 5.1)"
192.168.1.5 - - [14/Jan/2006:22:53:04 +0100] "GET /submission/esame_form.html HTTP/1.1" 200 1188 "http://192.168.1.7/" "Mozilla/4.0 (compatible; MSIE 6.0; Windows NT 5.1)"
192.168.1.5 - - [14/Jan/2006:22:53:11 +0100] "GET /r.php HTTP/1.1" 200 4517 "http://192.168.1.7/" "Mozilla/4.0 (compatible; MSIE 6.0; Windows NT 5.1)"
192.168.1.5 - - [14/Jan/2006:22:54:12 +0100] "GET / HTTP/1.1" 304 - "-" "Mozilla/4.0 (compatible; MSIE 6.0; Windows NT 5.1)"
192.168.1.5 - - [14/Jan/2006:22:54:22 +0100] "GET / HTTP/1.1" 200 2412 "-" "Mozilla/4.0 (compatible; MSIE 6.0; Windows NT 5.1)"
192.168.1.5 - - [14/Jan/2006:22:54:25 +0100] "GET /r.php HTTP/1.1" 200 4517 "http://192.168.1.7/" "Mozilla/4.0 (compatible; MSIE 6.0; Windows NT 5.1)"
192.168.1.5 - - [14/Jan/2006:22:54:29 +0100] "GET /submission/esame_form.html HTTP/1.1" 200 1188 "http://192.168.1.7/" "Mozilla/4.0 (compatible; MSIE 6.0; Windows NT 5.1)"
192.168.1.5 - - [14/Jan/2006:22:54:32 +0100] "POST /submission/esame_risposta.php HTTP/1.1" 200 5590 "http://192.168.1.7/submission/esame_form.html" "Mozilla/4.0 (compatible; MSIE 6.0; Windows NT 5.1)"
192.168.1.5 - - [14/Jan/2006:22:55:06 +0100] "GET / HTTP/1.1" 304 - "-" "Mozilla/4.0 (compatible; MSIE 6.0; Windows NT 5.1)"
192.168.1.5 - - [14/Jan/2006:22:55:11 +0100] "GET /esame.zip HTTP/1.1" 404 308 "http://192.168.1.7/" "Mozilla/4.0 (compatible; MSIE 6.0; Windows NT 5.1)"
192.168.1.5 - - [14/Jan/2006:22:59:13 +0100] "GET /submission/esame_form.html HTTP/1.1" 304 - "http://192.168.1.7/" "Mozilla/4.0 (compatible; MSIE 6.0; Windows NT 5.1)"
192.168.1.5 - - [14/Jan/2006:23:00:26 +0100] "POST /submission/esame_risposta.php HTTP/1.1" 200 5595 "http://192.168.1.7/submission/esame_form.html" "Mozilla/4.0 (compatible; MSIE 6.0; Windows NT 5.1)"
192.168.1.5 - - [14/Jan/2006:23:01:15 +0100] "GET /r.php HTTP/1.1" 200 4570 "http://192.168.1.7/" "Mozilla/4.0 (compatible; MSIE 6.0; Windows NT 5.1)"
192.168.1.5 - - [14/Jan/2006:23:01:33 +0100] "POST /submission/esame_risposta.php HTTP/1.1" 200 5663 "http://192.168.1.7/submission/esame_form.html" "Mozilla/4.0 (compatible; MSIE 6.0; Windows NT 5.1)"
192.168.1.5 - - [14/Jan/2006:23:03:13 +0100] "GET / HTTP/1.1" 304 - "-" "Mozilla/4.0 (compatible; MSIE 6.0; Windows NT 5.1)"
192.168.1.5 - - [14/Jan/2006:23:03:21 +0100] "GET / HTTP/1.1" 200 2412 "-" "Mozilla/4.0 (compatible; MSIE 6.0; Windows NT 5.1)"
192.168.1.5 - - [14/Jan/2006:23:03:36 +0100] "GET /submission/esame_form.html HTTP/1.1" 200 1188 "http://192.168.1.7." "Mozilla/4.0 (compatible; MSIE 6.0; Windows NT 5.1)"
192.168.1.5 - - [14/Jan/2006:23:03:50 +0100] "GET / HTTP/1.1" 304 - "-" "Mozilla/4.0 (compatible; MSIE 6.0; Windows NT 5.1)"
192.168.1.5 - - [14/Jan/2006:23:04:09 +0100] "GET / HTTP/1.1" 200 693 "-" "Mozilla/4.0 (compatible; MSIE 6.0; Windows NT 5.1)"
192.168.1.5 - - [14/Jan/2006:23:04:17 +0100] "GET / HTTP/1.1" 200 2412 "-" "Mozilla/4.0 (compatible; MSIE 6.0; Windows NT 5.1)"
192.168.1.5 - - [15/Jan/2006:14:05:35 +0100] "GET / HTTP/1.1" 200 2412 "-" "Mozilla/4.0 (compatible; MSIE 6.0; Windows NT 5.1)"
192.168.1.5 - - [15/Jan/2006:14:05:43 +0100] "GET /esame.zip HTTP/1.1" 403 312 "http://192.168.1.7" "Mozilla/4.0 (compatible; MSIE 6.0; Windows NT 5.1)"
192.168.1.5 - - [15/Jan/2006:14:05:51 +0100] "GET /submission/esame_form.html HTTP/1.1" 200 1188 "http://192.168.1.7" "Mozilla/4.0 (compatible; MSIE 6.0; Windows NT 5.1)"
192.168.1.5 - - [15/Jan/2006:14:06:39 +0100] "GET /esame.zip HTTP/1.1" 403 312 "http://192.168.1.7" "Mozilla/4.0 (compatible; MSIE 6.0; Windows NT 5.1)"
192.168.1.5 - - [15/Jan/2006:14:06:47 +0100] "GET /r.php HTTP/1.1" 200 4651 "http://192.168.1.7" "Mozilla/4.0 (compatible; MSIE 6.0; Windows NT 5.1)"
192.168.1.5 - - [15/Jan/2006:14:09:30 +0100] "GET /esame.zip HTTP/1.1" 403 312 "http://192.168.1.7" "Mozilla/4.0 (compatible; MSIE 6.0; Windows NT 5.1)"
192.168.1.5 - - [15/Jan/2006:14:09:34 +0100] "GET /esame.zip HTTP/1.1" 403 312 "http://192.168.1.7" "Mozilla/4.0 (compatible; MSIE 6.0; Windows NT 5.1)"
192.168.1.5 - - [15/Jan/2006:14:11:08 +0100] "GET /esame.zip HTTP/1.1" 403 312 "http://192.168.1.7" "Mozilla/4.0 (compatible; MSIE 6.0; Windows NT 5.1)"
192.168.1.5 - - [15/Jan/2006:14:11:45 +0100] "GET /esame.zip HTTP/1.1" 200 28569 "http://192.168.1.7" "Mozilla/4.0 (compatible; MSIE 6.0; Windows NT 5.1)"
192.168.1.5 - - [15/Jan/2006:14:12:45 +0100] "GET /r.php HTTP/1.1" 200 4651 "http://192.168.1.7" "Mozilla/4.0 (compatible; MSIE 6.0; Windows NT 5.1)"
192.168.1.5 - - [15/Jan/2006:14:12:48 +0100] "GET / HTTP/1.1" 200 2412 "-" "Mozilla/4.0 (compatible; MSIE 6.0; Windows NT 5.1)"
192.168.1.5 - - [15/Jan/2006:14:12:53 +0100] "GET /submission/esame_form.html HTTP/1.1" 200 1188 "http://192.168.1.7" "Mozilla/4.0 (compatible; MSIE 6.0; Windows NT 5.1)"
192.168.1.5 - - [15/Jan/2006:14:13:55 +0100] "POST /submission/esame_risposta.php HTTP/1.1" 200 5587 "http://192.168.1.7/submission/esame_form.html" "Mozilla/4.0 (compatible; MSIE 6.0; Windows NT 5.1)"
192.168.1.5 - - [15/Jan/2006:14:15:10 +0100] "POST /submission/esame_risposta.php HTTP/1.1" 200 5821 "http://192.168.1.7/submission/esame_form.html" "Mozilla/4.0 (compatible; MSIE 6.0; Windows NT 5.1)"
192.168.1.5 - - [15/Jan/2006:14:15:56 +0100] "POST /submission/esame_risposta.php HTTP/1.1" 200 5791 "http://192.168.1.7/submission/esame_form.html" "Mozilla/4.0 (compatible; MSIE 6.0; Windows NT 5.1)"
192.168.1.5 - - [15/Jan/2006:14:16:20 +0100] "GET /r.php HTTP/1.1" 200 5018 "-" "Mozilla/4.0 (compatible; MSIE 6.0; Windows NT 5.1)"
192.168.1.189 - - [17/Jan/2006:09:20:09 +0100] "GET / HTTP/1.1" 200 693 "-" "Mozilla/4.0 (compatible; MSIE 6.0; Windows NT 5.1)"
192.168.1.139 - - [17/Jan/2006:09:51:11 +0100] "GET / HTTP/1.1" 200 693 "-" "Mozilla/4.0 (compatible; MSIE 6.0; Windows NT 5.1)"
192.168.1.139 - - [17/Jan/2006:09:55:23 +0100] "GET / HTTP/1.1" 304 - "-" "Mozilla/4.0 (compatible; MSIE 6.0; Windows NT 5.1)"
192.168.1.153 - - [17/Jan/2006:09:55:27 +0100] "GET / HTTP/1.1" 200 693 "-" "Mozilla/4.0 (compatible; MSIE 6.0; Windows NT 5.1)"
192.168.1.153 - - [17/Jan/2006:09:55:38 +0100] "GET / HTTP/1.1" 304 - "-" "Mozilla/4.0 (compatible; MSIE 6.0; Windows NT 5.1)"
